127.0.0.1 - - [23/Nov/2022:17:23:34 +0800] "PUT /nacos/v1/ns/instance/beat?app=unknown&serviceName=DEFAULT_GROUP%40%40consumers%3Acn.tedu.csmall.cart.service.ICartService%3A%3A&namespaceId=public&port=0&ip=192.168.116.1 HTTP/1.1" 200 75 2 Nacos-Java-Client:v1.3.2 -
127.0.0.1 - - [23/Nov/2022:17:23:34 +0800] "PUT /nacos/v1/ns/instance/beat?app=unknown&serviceName=DEFAULT_GROUP%40%40nacos-order&namespaceId=public&port=20002&clusterName=DEFAULT&ip=176.136.12.110 HTTP/1.1" 200 75 2 Nacos-Java-Client:v1.3.2 -
127.0.0.1 - - [23/Nov/2022:17:23:34 +0800] "GET /nacos/v1/ns/instance/list?app=unknown&healthyOnly=false&namespaceId=public&clientIP=192.168.116.1&serviceName=DEFAULT_GROUP%40%40providers%3Acn.tedu.csmall.cart.service.ICartService&udpPort=60662&clusters= HTTP/1.1" 200 132 2 Nacos-Java-Client:v1.3.2 -
127.0.0.1 - - [23/Nov/2022:17:23:34 +0800] "GET /nacos/v1/ns/instance/list?app=unknown&healthyOnly=false&namespaceId=public&clientIP=192.168.116.1&serviceName=DEFAULT_GROUP%40%40providers%3Acn.tedu.csmall.cart.service.ICartService%3A%3A&udpPort=60662&clusters= HTTP/1.1" 200 1087 2 Nacos-Java-Client:v1.3.2 -
127.0.0.1 - - [23/Nov/2022:17:23:35 +0800] "PUT /nacos/v1/ns/instance/beat?app=unknown&serviceName=DEFAULT_GROUP%40%40providers%3Acn.tedu.csmall.cart.service.ICartService%3A%3A&namespaceId=public&port=20880&clusterName=DEFAULT&ip=192.168.116.1 HTTP/1.1" 200 75 2 Nacos-Java-Client:v1.3.2 -
127.0.0.1 - - [23/Nov/2022:17:23:35 +0800] "GET /nacos/v1/ns/instance/list?app=unknown&healthyOnly=false&namespaceId=public&clientIP=192.168.116.1&serviceName=DEFAULT_GROUP%40%40nacos-order&udpPort=61080&clusters= HTTP/1.1" 200 1159 2 Nacos-Java-Client:v1.3.2 -
127.0.0.1 - - [23/Nov/2022:17:23:35 +0800] "PUT /nacos/v1/ns/instance/beat?app=unknown&serviceName=DEFAULT_GROUP%40%40providers%3Acn.tedu.csmall.order.service.IOrderService%3A%3A&namespaceId=public&port=20881&ip=192.168.116.1 HTTP/1.1" 200 75 2 Nacos-Java-Client:v1.3.2 -
127.0.0.1 - - [23/Nov/2022:17:23:35 +0800] "GET /nacos/v1/ns/service/list?app=unknown&pageSize=2147483647&groupName=DEFAULT_GROUP&namespaceId=public&pageNo=1 HTTP/1.1" 200 671 2 Nacos-Java-Client:v1.3.2 -
127.0.0.1 - - [23/Nov/2022:17:23:35 +0800] "PUT /nacos/v1/ns/instance/beat?app=unknown&serviceName=DEFAULT_GROUP%40%40consumers%3Acom.alibaba.cloud.dubbo.service.DubboMetadataService%3A1.0.0%3Anacos-cart&namespaceId=public&port=0&ip=192.168.116.1 HTTP/1.1" 200 75 1 Nacos-Java-Client:v1.3.2 -
127.0.0.1 - - [23/Nov/2022:17:23:36 +0800] "PUT /nacos/v1/ns/instance/beat?app=unknown&serviceName=DEFAULT_GROUP%40%40consumers%3Acn.tedu.csmall.stock.service.IStockService%3A%3A&namespaceId=public&port=0&ip=192.168.116.1 HTTP/1.1" 200 75 1 Nacos-Java-Client:v1.3.2 -
127.0.0.1 - - [23/Nov/2022:17:23:36 +0800] "GET /nacos/v1/ns/instance/list?app=unknown&healthyOnly=false&namespaceId=public&clientIP=192.168.116.1&serviceName=DEFAULT_GROUP%40%40providers%3Acom.alibaba.cloud.dubbo.service.DubboMetadataService%3A1.0.0%3Anacos-order&udpPort=61080&clusters= HTTP/1.1" 200 1345 2 Nacos-Java-Client:v1.3.2 -
127.0.0.1 - - [23/Nov/2022:17:23:36 +0800] "GET /nacos/v1/ns/instance/list?app=unknown&healthyOnly=false&namespaceId=public&clientIP=192.168.116.1&serviceName=DEFAULT_GROUP%40%40providers%3Acn.tedu.csmall.order.service.IOrderService%3A%3A&udpPort=61121&clusters= HTTP/1.1" 200 1087 1 Nacos-Java-Client:v1.3.2 -
127.0.0.1 - - [23/Nov/2022:17:23:36 +0800] "GET /nacos/v1/ns/instance/list?app=unknown&healthyOnly=false&namespaceId=public&clientIP=192.168.116.1&serviceName=DEFAULT_GROUP%40%40providers%3Acn.tedu.csmall.order.service.IOrderService&udpPort=61121&clusters= HTTP/1.1" 200 134 2 Nacos-Java-Client:v1.3.2 -
127.0.0.1 - - [23/Nov/2022:17:23:37 +0800] "PUT /nacos/v1/ns/instance/beat?app=unknown&serviceName=DEFAULT_GROUP%40%40providers%3Acom.alibaba.cloud.dubbo.service.DubboMetadataService%3A1.0.0%3Anacos-cart&namespaceId=public&port=20880&ip=192.168.116.1 HTTP/1.1" 200 75 1 Nacos-Java-Client:v1.3.2 -
127.0.0.1 - - [23/Nov/2022:17:23:38 +0800] "PUT /nacos/v1/ns/instance/beat?app=unknown&serviceName=DEFAULT_GROUP%40%40providers%3Acom.alibaba.cloud.dubbo.service.DubboMetadataService%3A1.0.0%3Anacos-order&namespaceId=public&port=20881&ip=192.168.116.1 HTTP/1.1" 200 75 2 Nacos-Java-Client:v1.3.2 -
127.0.0.1 - - [23/Nov/2022:17:23:38 +0800] "GET /nacos/v1/ns/instance/list?app=unknown&healthyOnly=false&namespaceId=public&clientIP=192.168.116.1&serviceName=DEFAULT_GROUP%40%40consumers%3Acn.tedu.csmall.cart.service.ICartService%3A%3A&udpPort=61158&clusters= HTTP/1.1" 200 1080 2 Nacos-Java-Client:v1.3.2 -
127.0.0.1 - - [23/Nov/2022:17:23:38 +0800] "PUT /nacos/v1/ns/instance/beat?app=unknown&serviceName=DEFAULT_GROUP%40%40nacos-cart&namespaceId=public&port=20001&clusterName=DEFAULT&ip=176.136.12.110 HTTP/1.1" 200 75 2 Nacos-Java-Client:v1.3.2 -
127.0.0.1 - - [23/Nov/2022:17:23:38 +0800] "GET /nacos/v1/ns/instance/list?app=unknown&healthyOnly=false&namespaceId=public&clientIP=192.168.116.1&serviceName=DEFAULT_GROUP%40%40consumers%3Acn.tedu.csmall.stock.service.IStockService%3A%3A&udpPort=61158&clusters= HTTP/1.1" 200 1090 2 Nacos-Java-Client:v1.3.2 -
127.0.0.1 - - [23/Nov/2022:17:23:38 +0800] "GET /nacos/v1/ns/instance/list?app=unknown&healthyOnly=false&namespaceId=public&clientIP=192.168.116.1&serviceName=DEFAULT_GROUP%40%40consumers%3Acom.alibaba.cloud.dubbo.service.DubboMetadataService%3A1.0.0%3Anacos-cart&udpPort=61158&clusters= HTTP/1.1" 200 1209 2 Nacos-Java-Client:v1.3.2 -
127.0.0.1 - - [23/Nov/2022:17:23:38 +0800] "GET /nacos/v1/ns/instance/list?app=unknown&healthyOnly=false&namespaceId=public&clientIP=192.168.116.1&serviceName=DEFAULT_GROUP%40%40nacos-cart&udpPort=61158&clusters= HTTP/1.1" 200 1152 3 Nacos-Java-Client:v1.3.2 -
127.0.0.1 - - [23/Nov/2022:17:23:38 +0800] "GET /nacos/v1/cs/configs?dataId=dubbo.properties&group=dubbo HTTP/1.1" 404 23 1 Java/1.8.0_352 -
127.0.0.1 - - [23/Nov/2022:17:23:38 +0800] "GET /nacos/v1/cs/configs?dataId=dubbo.properties&group=nacos-stock HTTP/1.1" 404 23 1 Java/1.8.0_352 -
127.0.0.1 - - [23/Nov/2022:17:23:38 +0800] "GET /nacos/v1/cs/configs?dataId=nacos-stock.configurators&group=dubbo HTTP/1.1" 404 23 1 Java/1.8.0_352 -
127.0.0.1 - - [23/Nov/2022:17:23:38 +0800] "POST /nacos/v1/cs/configs/listener HTTP/1.1" 200 - 1 Java/1.8.0_352 -
127.0.0.1 - - [23/Nov/2022:17:23:38 +0800] "GET /nacos/v1/cs/configs?dataId=nacos-stock.configurators&group=dubbo HTTP/1.1" 404 23 1 Java/1.8.0_352 -
127.0.0.1 - - [23/Nov/2022:17:23:38 +0800] "GET /nacos/v1/cs/configs?dataId=nacos-stock.condition-router&group=dubbo HTTP/1.1" 404 23 2 Java/1.8.0_352 -
127.0.0.1 - - [23/Nov/2022:17:23:38 +0800] "GET /nacos/v1/cs/configs?dataId=com.alibaba.cloud.dubbo.service.DubboMetadataService%3A1.0.0%3Anacos-cart.condition-router&group=dubbo HTTP/1.1" 404 23 1 Java/1.8.0_352 -
127.0.0.1 - - [23/Nov/2022:17:23:38 +0800] "GET /nacos/v1/cs/configs?dataId=com.alibaba.cloud.dubbo.service.DubboMetadataService%3A1.0.0%3Anacos-cart.configurators&group=dubbo HTTP/1.1" 404 23 1 Java/1.8.0_352 -
127.0.0.1 - - [23/Nov/2022:17:23:39 +0800] "PUT /nacos/v1/ns/instance/beat?app=unknown&serviceName=DEFAULT_GROUP%40%40consumers%3Acn.tedu.csmall.cart.service.ICartService%3A%3A&namespaceId=public&port=0&ip=192.168.116.1 HTTP/1.1" 200 75 3 Nacos-Java-Client:v1.3.2 -
127.0.0.1 - - [23/Nov/2022:17:23:39 +0800] "PUT /nacos/v1/ns/instance/beat?app=unknown&serviceName=DEFAULT_GROUP%40%40nacos-order&namespaceId=public&port=20002&clusterName=DEFAULT&ip=176.136.12.110 HTTP/1.1" 200 75 1 Nacos-Java-Client:v1.3.2 -
127.0.0.1 - - [23/Nov/2022:17:23:39 +0800] "GET /nacos/v1/ns/instance/list?app=unknown&healthyOnly=false&namespaceId=public&clientIP=192.168.116.1&serviceName=DEFAULT_GROUP%40%40consumers%3Acn.tedu.csmall.cart.service.ICartService%3A%3A&udpPort=61158&clusters= HTTP/1.1" 200 1080 1 Nacos-Java-Client:v1.3.2 -
127.0.0.1 - - [23/Nov/2022:17:23:39 +0800] "GET /nacos/v1/ns/instance/list?app=unknown&healthyOnly=false&namespaceId=public&clientIP=192.168.116.1&serviceName=DEFAULT_GROUP%40%40consumers%3Acn.tedu.csmall.stock.service.IStockService%3A%3A&udpPort=61158&clusters= HTTP/1.1" 200 1090 2 Nacos-Java-Client:v1.3.2 -
127.0.0.1 - - [23/Nov/2022:17:23:39 +0800] "GET /nacos/v1/ns/instance/list?app=unknown&healthyOnly=false&namespaceId=public&clientIP=192.168.116.1&serviceName=DEFAULT_GROUP%40%40consumers%3Acom.alibaba.cloud.dubbo.service.DubboMetadataService%3A1.0.0%3Anacos-cart&udpPort=61158&clusters= HTTP/1.1" 200 1209 2 Nacos-Java-Client:v1.3.2 -
127.0.0.1 - - [23/Nov/2022:17:23:39 +0800] "GET /nacos/v1/ns/instance/list?app=unknown&healthyOnly=false&namespaceId=public&clientIP=192.168.116.1&serviceName=DEFAULT_GROUP%40%40nacos-cart&udpPort=61158&clusters= HTTP/1.1" 200 1152 1 Nacos-Java-Client:v1.3.2 -
176.136.12.110 - - [23/Nov/2022:17:23:39 +0800] "GET /nacos/index.html HTTP/1.1" 304 - 33 Mozilla/5.0 (Windows NT 10.0; Win64; x64) AppleWebKit/537.36 (KHTML, like Gecko) Chrome/107.0.0.0 Safari/537.36 -
127.0.0.1 - - [23/Nov/2022:17:23:40 +0800] "PUT /nacos/v1/ns/instance/beat?app=unknown&serviceName=DEFAULT_GROUP%40%40providers%3Acn.tedu.csmall.cart.service.ICartService%3A%3A&namespaceId=public&port=20880&clusterName=DEFAULT&ip=192.168.116.1 HTTP/1.1" 200 75 1 Nacos-Java-Client:v1.3.2 -
176.136.12.110 - - [23/Nov/2022:17:23:40 +0800] "GET /nacos/v1/console/namespaces?&accessToken=eyJhbGciOiJIUzI1NiJ9.eyJzdWIiOiJuYWNvcyIsImV4cCI6MTY2OTEwNzE4NX0.UdhtDgZOdicXO_v-HvzgV_tKKoNrPjwPIPo_DB60KyQ&namespaceId= HTTP/1.1" 200 131 2 Mozilla/5.0 (Windows NT 10.0; Win64; x64) AppleWebKit/537.36 (KHTML, like Gecko) Chrome/107.0.0.0 Safari/537.36 -
176.136.12.110 - - [23/Nov/2022:17:23:40 +0800] "GET /nacos/v1/console/server/state?accessToken=eyJhbGciOiJIUzI1NiJ9.eyJzdWIiOiJuYWNvcyIsImV4cCI6MTY2OTEwNzE4NX0.UdhtDgZOdicXO_v-HvzgV_tKKoNrPjwPIPo_DB60KyQ HTTP/1.1" 200 82 1 Mozilla/5.0 (Windows NT 10.0; Win64; x64) AppleWebKit/537.36 (KHTML, like Gecko) Chrome/107.0.0.0 Safari/537.36 -
127.0.0.1 - - [23/Nov/2022:17:23:40 +0800] "GET /nacos/v1/ns/instance/list?app=unknown&healthyOnly=false&namespaceId=public&clientIP=192.168.116.1&serviceName=DEFAULT_GROUP%40%40providers%3Acn.tedu.csmall.cart.service.ICartService&udpPort=61089&clusters= HTTP/1.1" 200 132 3 Nacos-Java-Client:v1.3.2 -
127.0.0.1 - - [23/Nov/2022:17:23:40 +0800] "GET /nacos/v1/ns/instance/list?app=unknown&healthyOnly=false&namespaceId=public&clientIP=192.168.116.1&serviceName=DEFAULT_GROUP%40%40providers%3Acn.tedu.csmall.cart.service.ICartService%3A%3A&udpPort=61089&clusters= HTTP/1.1" 200 1087 3 Nacos-Java-Client:v1.3.2 -
176.136.12.110 - - [23/Nov/2022:17:23:40 +0800] "GET /nacos/v1/ns/catalog/services?hasIpCount=true&withInstances=false&pageNo=1&pageSize=10&serviceNameParam=&groupNameParam=&accessToken=eyJhbGciOiJIUzI1NiJ9.eyJzdWIiOiJuYWNvcyIsImV4cCI6MTY2OTEwNzE4NX0.UdhtDgZOdicXO_v-HvzgV_tKKoNrPjwPIPo_DB60KyQ&namespaceId= HTTP/1.1" 200 1554 6 Mozilla/5.0 (Windows NT 10.0; Win64; x64) AppleWebKit/537.36 (KHTML, like Gecko) Chrome/107.0.0.0 Safari/537.36 -
127.0.0.1 - - [23/Nov/2022:17:23:40 +0800] "GET /nacos/v1/cs/configs?dataId=nacos-cart.tag-router&group=dubbo HTTP/1.1" 404 23 1 Java/1.8.0_352 -
127.0.0.1 - - [23/Nov/2022:17:23:40 +0800] "POST /nacos/v1/ns/instance?app=unknown&groupName=DEFAULT_GROUP&metadata=%7B%22side%22%3A%22consumer%22%2C%22release%22%3A%222.7.8%22%2C%22dubbo%22%3A%222.0.2%22%2C%22pid%22%3A%2211168%22%2C%22check%22%3A%22false%22%2C%22interface%22%3A%22com.alibaba.cloud.dubbo.service.DubboMetadataService%22%2C%22version%22%3A%221.0.0%22%2C%22generic%22%3A%22true%22%2C%22qos.enable%22%3A%22false%22%2C%22path%22%3A%22org.apache.dubbo.rpc.service.GenericService%22%2C%22protocol%22%3A%22consumer%22%2C%22metadata-type%22%3A%22remote%22%2C%22application%22%3A%22nacos-stock%22%2C%22sticky%22%3A%22false%22%2C%22category%22%3A%22consumers%22%2C%22group%22%3A%22nacos-cart%22%2C%22timestamp%22%3A%221669195418586%22%7D&namespaceId=public&port=0&enable=true&healthy=true&ip=192.168.116.1&weight=1.0&ephemeral=true&serviceName=DEFAULT_GROUP%40%40consumers%3Acom.alibaba.cloud.dubbo.service.DubboMetadataService%3A1.0.0%3Anacos-cart HTTP/1.1" 200 2 3 Nacos-Java-Client:v1.3.2 -
127.0.0.1 - - [23/Nov/2022:17:23:40 +0800] "GET /nacos/v1/cs/configs?dataId=com.alibaba.cloud.dubbo.service.DubboMetadataService%3A1.0.0%3Anacos-cart.configurators&group=dubbo HTTP/1.1" 404 23 3 Java/1.8.0_352 -
127.0.0.1 - - [23/Nov/2022:17:23:40 +0800] "POST /nacos/v1/cs/configs HTTP/1.1" 200 14 6 Java/1.8.0_352 -
176.136.12.110 - - [23/Nov/2022:17:23:40 +0800] "GET /nacos/v1/cs/communication/dataChange?dataId=com.alibaba.cloud.dubbo.service.DubboMetadataService%3A1.0.0%3Anacos-cart%3Aconsumer%3Anacos-stock&group=dubbo HTTP/1.1" 200 14 1 Apache-HttpAsyncClient/4.1.3 (Java/16.0.2) -
127.0.0.1 - - [23/Nov/2022:17:23:40 +0800] "PUT /nacos/v1/ns/instance/beat?app=unknown&serviceName=DEFAULT_GROUP%40%40providers%3Acn.tedu.csmall.order.service.IOrderService%3A%3A&namespaceId=public&port=20881&ip=192.168.116.1 HTTP/1.1" 200 75 2 Nacos-Java-Client:v1.3.2 -
127.0.0.1 - - [23/Nov/2022:17:23:40 +0800] "GET /nacos/v1/ns/instance/list?app=unknown&healthyOnly=false&namespaceId=public&clientIP=192.168.116.1&serviceName=DEFAULT_GROUP%40%40nacos-order&udpPort=61158&clusters= HTTP/1.1" 200 1159 1 Nacos-Java-Client:v1.3.2 -
127.0.0.1 - - [23/Nov/2022:17:23:40 +0800] "GET /nacos/v1/cs/configs?dataId=com.alibaba.cloud.dubbo.service.DubboMetadataService%3A1.0.0%3Anacos-order.condition-router&group=dubbo HTTP/1.1" 404 23 1 Java/1.8.0_352 -
127.0.0.1 - - [23/Nov/2022:17:23:40 +0800] "GET /nacos/v1/cs/configs?dataId=com.alibaba.cloud.dubbo.service.DubboMetadataService%3A1.0.0%3Anacos-order.configurators&group=dubbo HTTP/1.1" 404 23 1 Java/1.8.0_352 -
127.0.0.1 - - [23/Nov/2022:17:23:40 +0800] "GET /nacos/v1/cs/configs?dataId=nacos-order.tag-router&group=dubbo HTTP/1.1" 404 23 1 Java/1.8.0_352 -
127.0.0.1 - - [23/Nov/2022:17:23:40 +0800] "POST /nacos/v1/ns/instance?app=unknown&groupName=DEFAULT_GROUP&metadata=%7B%22side%22%3A%22consumer%22%2C%22release%22%3A%222.7.8%22%2C%22dubbo%22%3A%222.0.2%22%2C%22pid%22%3A%2211168%22%2C%22check%22%3A%22false%22%2C%22interface%22%3A%22com.alibaba.cloud.dubbo.service.DubboMetadataService%22%2C%22version%22%3A%221.0.0%22%2C%22generic%22%3A%22true%22%2C%22qos.enable%22%3A%22false%22%2C%22path%22%3A%22org.apache.dubbo.rpc.service.GenericService%22%2C%22protocol%22%3A%22consumer%22%2C%22metadata-type%22%3A%22remote%22%2C%22application%22%3A%22nacos-stock%22%2C%22sticky%22%3A%22false%22%2C%22category%22%3A%22consumers%22%2C%22group%22%3A%22nacos-order%22%2C%22timestamp%22%3A%221669195420512%22%7D&namespaceId=public&port=0&enable=true&healthy=true&ip=192.168.116.1&weight=1.0&ephemeral=true&serviceName=DEFAULT_GROUP%40%40consumers%3Acom.alibaba.cloud.dubbo.service.DubboMetadataService%3A1.0.0%3Anacos-order HTTP/1.1" 500 400 3 Nacos-Java-Client:v1.3.2 -
127.0.0.1 - - [23/Nov/2022:17:23:40 +0800] "POST /nacos/v1/ns/instance?app=unknown&groupName=DEFAULT_GROUP&metadata=%7B%22side%22%3A%22consumer%22%2C%22release%22%3A%222.7.8%22%2C%22dubbo%22%3A%222.0.2%22%2C%22pid%22%3A%2211168%22%2C%22check%22%3A%22false%22%2C%22interface%22%3A%22com.alibaba.cloud.dubbo.service.DubboMetadataService%22%2C%22version%22%3A%221.0.0%22%2C%22generic%22%3A%22true%22%2C%22qos.enable%22%3A%22false%22%2C%22path%22%3A%22org.apache.dubbo.rpc.service.GenericService%22%2C%22protocol%22%3A%22consumer%22%2C%22metadata-type%22%3A%22remote%22%2C%22application%22%3A%22nacos-stock%22%2C%22sticky%22%3A%22false%22%2C%22category%22%3A%22consumers%22%2C%22group%22%3A%22nacos-order%22%2C%22timestamp%22%3A%221669195420512%22%7D&namespaceId=public&port=0&enable=true&healthy=true&ip=192.168.116.1&weight=1.0&ephemeral=true&serviceName=DEFAULT_GROUP%40%40consumers%3Acom.alibaba.cloud.dubbo.service.DubboMetadataService%3A1.0.0%3Anacos-order HTTP/1.1" 200 2 0 Nacos-Java-Client:v1.3.2 -
127.0.0.1 - - [23/Nov/2022:17:23:40 +0800] "GET /nacos/v1/cs/configs?dataId=com.alibaba.cloud.dubbo.service.DubboMetadataService%3A1.0.0%3Anacos-order.configurators&group=dubbo HTTP/1.1" 404 23 2 Java/1.8.0_352 -
127.0.0.1 - - [23/Nov/2022:17:23:40 +0800] "POST /nacos/v1/cs/configs HTTP/1.1" 200 14 4 Java/1.8.0_352 -
176.136.12.110 - - [23/Nov/2022:17:23:40 +0800] "GET /nacos/v1/cs/communication/dataChange?dataId=com.alibaba.cloud.dubbo.service.DubboMetadataService%3A1.0.0%3Anacos-order%3Aconsumer%3Anacos-stock&group=dubbo HTTP/1.1" 200 14 3 Apache-HttpAsyncClient/4.1.3 (Java/16.0.2) -
127.0.0.1 - - [23/Nov/2022:17:23:40 +0800] "GET /nacos/v1/ns/instance/list?app=unknown&healthyOnly=false&namespaceId=public&clientIP=192.168.116.1&serviceName=DEFAULT_GROUP%40%40providers%3Acn.tedu.csmall.cart.service.ICartService%3A%3A&udpPort=61158&clusters= HTTP/1.1" 200 1087 2 Nacos-Java-Client:v1.3.2 -
127.0.0.1 - - [23/Nov/2022:17:23:40 +0800] "GET /nacos/v1/ns/instance/list?app=unknown&healthyOnly=false&namespaceId=public&clientIP=192.168.116.1&serviceName=DEFAULT_GROUP%40%40providers%3Acn.tedu.csmall.order.service.IOrderService%3A%3A&udpPort=61158&clusters= HTTP/1.1" 200 1087 2 Nacos-Java-Client:v1.3.2 -
127.0.0.1 - - [23/Nov/2022:17:23:40 +0800] "GET /nacos/v1/ns/instance/list?app=unknown&healthyOnly=false&namespaceId=public&clientIP=192.168.116.1&serviceName=DEFAULT_GROUP%40%40providers%3Acn.tedu.csmall.stock.service.IStockService%3A%3A&udpPort=61158&clusters= HTTP/1.1" 200 336 1 Nacos-Java-Client:v1.3.2 -
127.0.0.1 - - [23/Nov/2022:17:23:40 +0800] "GET /nacos/v1/ns/instance/list?app=unknown&healthyOnly=false&namespaceId=public&clientIP=192.168.116.1&serviceName=DEFAULT_GROUP%40%40providers%3Acom.alibaba.cloud.dubbo.service.DubboMetadataService%3A1.0.0%3Anacos-cart&udpPort=61158&clusters= HTTP/1.1" 200 1338 1 Nacos-Java-Client:v1.3.2 -
127.0.0.1 - - [23/Nov/2022:17:23:40 +0800] "GET /nacos/v1/ns/instance/list?app=unknown&healthyOnly=false&namespaceId=public&clientIP=192.168.116.1&serviceName=DEFAULT_GROUP%40%40providers%3Acom.alibaba.cloud.dubbo.service.DubboMetadataService%3A1.0.0%3Anacos-order&udpPort=61158&clusters= HTTP/1.1" 200 1345 1 Nacos-Java-Client:v1.3.2 -
127.0.0.1 - - [23/Nov/2022:17:23:40 +0800] "GET /nacos/v1/ns/instance/list?app=unknown&healthyOnly=false&namespaceId=public&clientIP=192.168.116.1&serviceName=DEFAULT_GROUP%40%40providers%3Acom.alibaba.cloud.dubbo.service.DubboMetadataService%3A1.0.0%3Anacos-stock&udpPort=61158&clusters= HTTP/1.1" 200 388 1 Nacos-Java-Client:v1.3.2 -
127.0.0.1 - - [23/Nov/2022:17:23:40 +0800] "PUT /nacos/v1/ns/instance/beat?app=unknown&serviceName=DEFAULT_GROUP%40%40consumers%3Acom.alibaba.cloud.dubbo.service.DubboMetadataService%3A1.0.0%3Anacos-cart&namespaceId=public&port=0&ip=192.168.116.1 HTTP/1.1" 200 75 1 Nacos-Java-Client:v1.3.2 -
127.0.0.1 - - [23/Nov/2022:17:23:40 +0800] "GET /nacos/v1/ns/instance/list?app=unknown&healthyOnly=false&namespaceId=public&clientIP=192.168.116.1&serviceName=DEFAULT_GROUP%40%40nacos-stock&udpPort=61158&clusters=DEFAULT HTTP/1.1" 200 100 2 Nacos-Java-Client:v1.3.2 -
127.0.0.1 - - [23/Nov/2022:17:23:40 +0800] "GET /nacos/v1/ns/service/list?app=unknown&pageSize=2147483647&groupName=DEFAULT_GROUP&namespaceId=public&pageNo=1 HTTP/1.1" 200 754 1 Nacos-Java-Client:v1.3.2 -
127.0.0.1 - - [23/Nov/2022:17:23:40 +0800] "GET /nacos/v1/ns/instance/list?app=unknown&healthyOnly=false&namespaceId=public&clientIP=192.168.116.1&serviceName=DEFAULT_GROUP%40%40consumers%3Acom.alibaba.cloud.dubbo.service.DubboMetadataService%3A1.0.0%3Anacos-order&udpPort=61158&clusters= HTTP/1.1" 200 1214 1 Nacos-Java-Client:v1.3.2 -
127.0.0.1 - - [23/Nov/2022:17:23:40 +0800] "GET /nacos/v1/cs/configs?dataId=com.alibaba.cloud.dubbo.service.DubboMetadataService%3A1.0.0%3Anacos-stock.configurators&group=dubbo HTTP/1.1" 404 23 1 Java/1.8.0_352 -
127.0.0.1 - - [23/Nov/2022:17:23:40 +0800] "POST /nacos/v1/ns/instance?app=unknown&groupName=DEFAULT_GROUP&metadata=%7B%22side%22%3A%22provider%22%2C%22methods%22%3A%22getAllServiceKeys%2CgetServiceRestMetadata%2CgetExportedURLs%2CgetAllExportedURLs%22%2C%22release%22%3A%222.7.8%22%2C%22deprecated%22%3A%22false%22%2C%22dubbo%22%3A%222.0.2%22%2C%22pid%22%3A%2211168%22%2C%22interface%22%3A%22com.alibaba.cloud.dubbo.service.DubboMetadataService%22%2C%22version%22%3A%221.0.0%22%2C%22generic%22%3A%22false%22%2C%22revision%22%3A%222.2.2.RELEASE%22%2C%22path%22%3A%22com.alibaba.cloud.dubbo.service.DubboMetadataService%22%2C%22protocol%22%3A%22dubbo%22%2C%22metadata-type%22%3A%22remote%22%2C%22application%22%3A%22nacos-stock%22%2C%22dynamic%22%3A%22true%22%2C%22category%22%3A%22providers%22%2C%22anyhost%22%3A%22true%22%2C%22group%22%3A%22nacos-stock%22%2C%22timestamp%22%3A%221669195420849%22%7D&namespaceId=public&port=20882&enable=true&healthy=true&ip=192.168.116.1&weight=1.0&ephemeral=true&serviceName=DEFAULT_GROUP%40%40providers%3Acom.alibaba.cloud.dubbo.service.DubboMetadataService%3A1.0.0%3Anacos-stock HTTP/1.1" 200 2 1 Nacos-Java-Client:v1.3.2 -
127.0.0.1 - - [23/Nov/2022:17:23:40 +0800] "GET /nacos/v1/ns/instance/list?app=unknown&healthyOnly=false&namespaceId=public&clientIP=192.168.116.1&serviceName=DEFAULT_GROUP%40%40providers%3Acom.alibaba.cloud.dubbo.service.DubboMetadataService%3A1.0.0%3Anacos-stock&udpPort=61185&clusters= HTTP/1.1" 200 1345 1 Nacos-Java-Client:v1.3.2 -
127.0.0.1 - - [23/Nov/2022:17:23:41 +0800] "GET /nacos/v1/cs/configs?dataId=com.alibaba.cloud.dubbo.service.DubboMetadataService%3A1.0.0%3Anacos-stock.configurators&group=dubbo HTTP/1.1" 404 23 1 Java/1.8.0_352 -
127.0.0.1 - - [23/Nov/2022:17:23:41 +0800] "PUT /nacos/v1/ns/instance/beat?app=unknown&serviceName=DEFAULT_GROUP%40%40consumers%3Acn.tedu.csmall.stock.service.IStockService%3A%3A&namespaceId=public&port=0&ip=192.168.116.1 HTTP/1.1" 200 75 3 Nacos-Java-Client:v1.3.2 -
127.0.0.1 - - [23/Nov/2022:17:23:41 +0800] "GET /nacos/v1/ns/instance/list?app=unknown&healthyOnly=false&namespaceId=public&clientIP=192.168.116.1&serviceName=DEFAULT_GROUP%40%40providers%3Acom.alibaba.cloud.dubbo.service.DubboMetadataService%3A1.0.0%3Anacos-cart&udpPort=61183&clusters= HTTP/1.1" 200 1338 2 Nacos-Java-Client:v1.3.2 -
127.0.0.1 - - [23/Nov/2022:17:23:41 +0800] "GET /nacos/v1/ns/instance/list?app=unknown&healthyOnly=false&namespaceId=public&clientIP=192.168.116.1&serviceName=DEFAULT_GROUP%40%40nacos-order&udpPort=61158&clusters= HTTP/1.1" 200 1159 2 Nacos-Java-Client:v1.3.2 -
127.0.0.1 - - [23/Nov/2022:17:23:41 +0800] "GET /nacos/v1/ns/instance/list?app=unknown&healthyOnly=false&namespaceId=public&clientIP=192.168.116.1&serviceName=DEFAULT_GROUP%40%40nacos-cart&udpPort=61080&clusters= HTTP/1.1" 200 1152 2 Nacos-Java-Client:v1.3.2 -
127.0.0.1 - - [23/Nov/2022:17:23:41 +0800] "GET /nacos/v1/ns/instance/list?app=unknown&healthyOnly=false&namespaceId=public&clientIP=192.168.116.1&serviceName=DEFAULT_GROUP%40%40providers%3Acom.alibaba.cloud.dubbo.service.DubboMetadataService%3A1.0.0%3Anacos-order&udpPort=61184&clusters= HTTP/1.1" 200 1345 1 Nacos-Java-Client:v1.3.2 -
127.0.0.1 - - [23/Nov/2022:17:23:41 +0800] "GET /nacos/v1/ns/instance/list?app=unknown&healthyOnly=false&namespaceId=public&clientIP=192.168.116.1&serviceName=DEFAULT_GROUP%40%40providers%3Acn.tedu.csmall.stock.service.IStockService%3A%3A&udpPort=61158&clusters= HTTP/1.1" 200 336 2 Nacos-Java-Client:v1.3.2 -
127.0.0.1 - - [23/Nov/2022:17:23:41 +0800] "GET /nacos/v1/ns/instance/list?app=unknown&healthyOnly=false&namespaceId=public&clientIP=192.168.116.1&serviceName=DEFAULT_GROUP%40%40providers%3Acn.tedu.csmall.cart.service.ICartService%3A%3A&udpPort=61158&clusters= HTTP/1.1" 200 1087 2 Nacos-Java-Client:v1.3.2 -
127.0.0.1 - - [23/Nov/2022:17:23:41 +0800] "GET /nacos/v1/ns/instance/list?app=unknown&healthyOnly=false&namespaceId=public&clientIP=192.168.116.1&serviceName=DEFAULT_GROUP%40%40providers%3Acn.tedu.csmall.order.service.IOrderService%3A%3A&udpPort=61158&clusters= HTTP/1.1" 200 1087 3 Nacos-Java-Client:v1.3.2 -
127.0.0.1 - - [23/Nov/2022:17:23:41 +0800] "GET /nacos/v1/ns/instance/list?app=unknown&healthyOnly=false&namespaceId=public&clientIP=192.168.116.1&serviceName=DEFAULT_GROUP%40%40providers%3Acom.alibaba.cloud.dubbo.service.DubboMetadataService%3A1.0.0%3Anacos-stock&udpPort=61158&clusters= HTTP/1.1" 200 1345 2 Nacos-Java-Client:v1.3.2 -
127.0.0.1 - - [23/Nov/2022:17:23:41 +0800] "GET /nacos/v1/ns/instance/list?app=unknown&healthyOnly=false&namespaceId=public&clientIP=192.168.116.1&serviceName=DEFAULT_GROUP%40%40providers%3Acom.alibaba.cloud.dubbo.service.DubboMetadataService%3A1.0.0%3Anacos-order&udpPort=61158&clusters= HTTP/1.1" 200 1345 3 Nacos-Java-Client:v1.3.2 -
127.0.0.1 - - [23/Nov/2022:17:23:41 +0800] "GET /nacos/v1/ns/instance/list?app=unknown&healthyOnly=false&namespaceId=public&clientIP=192.168.116.1&serviceName=DEFAULT_GROUP%40%40providers%3Acom.alibaba.cloud.dubbo.service.DubboMetadataService%3A1.0.0%3Anacos-cart&udpPort=61158&clusters= HTTP/1.1" 200 1338 2 Nacos-Java-Client:v1.3.2 -
127.0.0.1 - - [23/Nov/2022:17:23:41 +0800] "GET /nacos/v1/ns/instance/list?app=unknown&healthyOnly=false&namespaceId=public&clientIP=192.168.116.1&serviceName=DEFAULT_GROUP%40%40providers%3Acom.alibaba.cloud.dubbo.service.DubboMetadataService%3A1.0.0%3Anacos-cart&udpPort=60636&clusters= HTTP/1.1" 200 1338 2 Nacos-Java-Client:v1.3.2 -
127.0.0.1 - - [23/Nov/2022:17:23:41 +0800] "GET /nacos/v1/ns/instance/list?app=unknown&healthyOnly=false&namespaceId=public&clientIP=192.168.116.1&serviceName=DEFAULT_GROUP%40%40providers%3Acn.tedu.csmall.stock.service.IStockService%3A%3A&udpPort=60636&clusters= HTTP/1.1" 200 336 3 Nacos-Java-Client:v1.3.2 -
127.0.0.1 - - [23/Nov/2022:17:23:41 +0800] "GET /nacos/v1/ns/instance/list?app=unknown&healthyOnly=false&namespaceId=public&clientIP=192.168.116.1&serviceName=DEFAULT_GROUP%40%40providers%3Acom.alibaba.cloud.dubbo.service.DubboMetadataService%3A1.0.0%3Anacos-stock&udpPort=60636&clusters= HTTP/1.1" 200 1345 2 Nacos-Java-Client:v1.3.2 -
127.0.0.1 - - [23/Nov/2022:17:23:41 +0800] "GET /nacos/v1/ns/instance/list?app=unknown&healthyOnly=false&namespaceId=public&clientIP=192.168.116.1&serviceName=DEFAULT_GROUP%40%40providers%3Acn.tedu.csmall.cart.service.ICartService%3A%3A&udpPort=60636&clusters= HTTP/1.1" 200 1087 3 Nacos-Java-Client:v1.3.2 -
127.0.0.1 - - [23/Nov/2022:17:23:41 +0800] "GET /nacos/v1/ns/instance/list?app=unknown&healthyOnly=false&namespaceId=public&clientIP=192.168.116.1&serviceName=DEFAULT_GROUP%40%40nacos-stock&udpPort=61158&clusters=DEFAULT HTTP/1.1" 200 100 4 Nacos-Java-Client:v1.3.2 -
127.0.0.1 - - [23/Nov/2022:17:23:41 +0800] "GET /nacos/v1/ns/instance/list?app=unknown&healthyOnly=false&namespaceId=public&clientIP=192.168.116.1&serviceName=DEFAULT_GROUP%40%40nacos-cart&udpPort=60636&clusters=DEFAULT HTTP/1.1" 200 1159 3 Nacos-Java-Client:v1.3.2 -
127.0.0.1 - - [23/Nov/2022:17:23:41 +0800] "GET /nacos/v1/ns/instance/list?app=unknown&healthyOnly=false&namespaceId=public&clientIP=192.168.116.1&serviceName=DEFAULT_GROUP%40%40consumers%3Acom.alibaba.cloud.dubbo.service.DubboMetadataService%3A1.0.0%3Anacos-order&udpPort=61158&clusters= HTTP/1.1" 200 1214 2 Nacos-Java-Client:v1.3.2 -
127.0.0.1 - - [23/Nov/2022:17:23:41 +0800] "GET /nacos/v1/ns/instance/list?app=unknown&healthyOnly=false&namespaceId=public&clientIP=192.168.116.1&serviceName=DEFAULT_GROUP%40%40providers%3Acom.alibaba.cloud.dubbo.service.DubboMetadataService%3A1.0.0%3Anacos-cart&udpPort=61098&clusters= HTTP/1.1" 200 1338 1 Nacos-Java-Client:v1.3.2 -
127.0.0.1 - - [23/Nov/2022:17:23:41 +0800] "GET /nacos/v1/ns/instance/list?app=unknown&healthyOnly=false&namespaceId=public&clientIP=192.168.116.1&serviceName=DEFAULT_GROUP%40%40nacos-stock&udpPort=61158&clusters= HTTP/1.1" 200 93 1 Nacos-Java-Client:v1.3.2 -
127.0.0.1 - - [23/Nov/2022:17:23:41 +0800] "POST /nacos/v1/cs/configs HTTP/1.1" 200 14 5 Java/1.8.0_352 -
176.136.12.110 - - [23/Nov/2022:17:23:41 +0800] "GET /nacos/v1/cs/communication/dataChange?dataId=nacos-stock&group=mapping-com.alibaba.cloud.dubbo.service.DubboMetadataService HTTP/1.1" 200 14 1 Apache-HttpAsyncClient/4.1.3 (Java/16.0.2) -
127.0.0.1 - - [23/Nov/2022:17:23:41 +0800] "POST /nacos/v1/cs/configs HTTP/1.1" 200 14 5 Java/1.8.0_352 -
176.136.12.110 - - [23/Nov/2022:17:23:41 +0800] "GET /nacos/v1/cs/communication/dataChange?dataId=com.alibaba.cloud.dubbo.service.DubboMetadataService%3A1.0.0%3Anacos-stock%3Aprovider%3Anacos-stock&group=dubbo HTTP/1.1" 200 14 2 Apache-HttpAsyncClient/4.1.3 (Java/16.0.2) -
127.0.0.1 - - [23/Nov/2022:17:23:41 +0800] "POST /nacos/v1/ns/instance?app=unknown&groupName=DEFAULT_GROUP&metadata=%7B%22dubbo.metadata-service.urls%22%3A%22%5B+%5C%22dubbo%3A%2F%2F192.168.116.1%3A20882%2Fcom.alibaba.cloud.dubbo.service.DubboMetadataService%3Fanyhost%3Dtrue%26application%3Dnacos-stock%26bind.ip%3D192.168.116.1%26bind.port%3D20882%26deprecated%3Dfalse%26dubbo%3D2.0.2%26dynamic%3Dtrue%26generic%3Dfalse%26group%3Dnacos-stock%26interface%3Dcom.alibaba.cloud.dubbo.service.DubboMetadataService%26metadata-type%3Dremote%26methods%3DgetAllServiceKeys%2CgetServiceRestMetadata%2CgetExportedURLs%2CgetAllExportedURLs%26pid%3D11168%26qos.enable%3Dfalse%26release%3D2.7.8%26revision%3D2.2.2.RELEASE%26side%3Dprovider%26timestamp%3D1669195420849%26version%3D1.0.0%5C%22+%5D%22%2C%22dubbo.protocols.dubbo.port%22%3A%2220882%22%2C%22preserved.register.source%22%3A%22SPRING_CLOUD%22%7D&namespaceId=public&port=20003&enable=true&healthy=true&clusterName=DEFAULT&ip=176.136.12.110&weight=1.0&ephemeral=true&serviceName=DEFAULT_GROUP%40%40nacos-stock HTTP/1.1" 200 2 2 Nacos-Java-Client:v1.3.2 -
127.0.0.1 - - [23/Nov/2022:17:23:41 +0800] "GET /nacos/v1/ns/instance/list?app=unknown&healthyOnly=false&namespaceId=public&clientIP=192.168.116.1&serviceName=DEFAULT_GROUP%40%40providers%3Acom.alibaba.cloud.dubbo.service.DubboMetadataService%3A1.0.0%3Anacos-stock&udpPort=61185&clusters= HTTP/1.1" 200 1345 1 Nacos-Java-Client:v1.3.2 -
127.0.0.1 - - [23/Nov/2022:17:23:42 +0800] "GET /nacos/v1/ns/instance/list?app=unknown&healthyOnly=false&namespaceId=public&clientIP=192.168.116.1&serviceName=DEFAULT_GROUP%40%40providers%3Acn.tedu.csmall.stock.service.IStockService%3A%3A&udpPort=61080&clusters= HTTP/1.1" 200 336 1 Nacos-Java-Client:v1.3.2 -
127.0.0.1 - - [23/Nov/2022:17:23:42 +0800] "GET /nacos/v1/ns/instance/list?app=unknown&healthyOnly=false&namespaceId=public&clientIP=192.168.116.1&serviceName=DEFAULT_GROUP%40%40providers%3Acom.alibaba.cloud.dubbo.service.DubboMetadataService%3A1.0.0%3Anacos-stock&udpPort=61080&clusters= HTTP/1.1" 200 1345 1 Nacos-Java-Client:v1.3.2 -
127.0.0.1 - - [23/Nov/2022:17:23:42 +0800] "GET /nacos/v1/ns/instance/list?app=unknown&healthyOnly=false&namespaceId=public&clientIP=192.168.116.1&serviceName=DEFAULT_GROUP%40%40providers%3Acn.tedu.csmall.cart.service.ICartService%3A%3A&udpPort=61080&clusters= HTTP/1.1" 200 1087 1 Nacos-Java-Client:v1.3.2 -
127.0.0.1 - - [23/Nov/2022:17:23:42 +0800] "GET /nacos/v1/ns/instance/list?app=unknown&healthyOnly=false&namespaceId=public&clientIP=192.168.116.1&serviceName=DEFAULT_GROUP%40%40providers%3Acom.alibaba.cloud.dubbo.service.DubboMetadataService%3A1.0.0%3Anacos-cart&udpPort=61080&clusters= HTTP/1.1" 200 1338 1 Nacos-Java-Client:v1.3.2 -
127.0.0.1 - - [23/Nov/2022:17:23:42 +0800] "GET /nacos/v1/ns/instance/list?app=unknown&healthyOnly=false&namespaceId=public&clientIP=192.168.116.1&serviceName=DEFAULT_GROUP%40%40providers%3Acn.tedu.csmall.stock.service.IStockService&udpPort=61099&clusters= HTTP/1.1" 200 134 2 Nacos-Java-Client:v1.3.2 -
127.0.0.1 - - [23/Nov/2022:17:23:42 +0800] "GET /nacos/v1/ns/instance/list?app=unknown&healthyOnly=false&namespaceId=public&clientIP=192.168.116.1&serviceName=DEFAULT_GROUP%40%40providers%3Acn.tedu.csmall.stock.service.IStockService%3A%3A&udpPort=61099&clusters= HTTP/1.1" 200 336 2 Nacos-Java-Client:v1.3.2 -
127.0.0.1 - - [23/Nov/2022:17:23:42 +0800] "PUT /nacos/v1/ns/instance/beat?app=unknown&serviceName=DEFAULT_GROUP%40%40providers%3Acom.alibaba.cloud.dubbo.service.DubboMetadataService%3A1.0.0%3Anacos-cart&namespaceId=public&port=20880&ip=192.168.116.1 HTTP/1.1" 200 75 2 Nacos-Java-Client:v1.3.2 -
127.0.0.1 - - [23/Nov/2022:17:23:42 +0800] "GET /nacos/v1/ns/instance/list?app=unknown&healthyOnly=false&namespaceId=public&clientIP=192.168.116.1&serviceName=DEFAULT_GROUP%40%40nacos-stock&udpPort=61158&clusters= HTTP/1.1" 200 1159 2 Nacos-Java-Client:v1.3.2 -
127.0.0.1 - - [23/Nov/2022:17:23:42 +0800] "GET /nacos/v1/ns/service/list?app=unknown&pageSize=2147483647&groupName=DEFAULT_GROUP&namespaceId=public&pageNo=1 HTTP/1.1" 200 768 1 Nacos-Java-Client:v1.3.2 -
127.0.0.1 - - [23/Nov/2022:17:23:42 +0800] "GET /nacos/v1/cs/configs?dataId=cn.tedu.csmall.stock.service.IStockService%3A%3A.configurators&group=dubbo HTTP/1.1" 404 23 1 Java/1.8.0_352 -
127.0.0.1 - - [23/Nov/2022:17:23:43 +0800] "POST /nacos/v1/ns/instance?app=unknown&groupName=DEFAULT_GROUP&metadata=%7B%22side%22%3A%22provider%22%2C%22methods%22%3A%22reduceCommodityCount%22%2C%22release%22%3A%222.7.8%22%2C%22deprecated%22%3A%22false%22%2C%22dubbo%22%3A%222.0.2%22%2C%22pid%22%3A%2211168%22%2C%22interface%22%3A%22cn.tedu.csmall.stock.service.IStockService%22%2C%22generic%22%3A%22false%22%2C%22path%22%3A%22cn.tedu.csmall.stock.service.IStockService%22%2C%22protocol%22%3A%22dubbo%22%2C%22metadata-type%22%3A%22remote%22%2C%22application%22%3A%22nacos-stock%22%2C%22dynamic%22%3A%22true%22%2C%22category%22%3A%22providers%22%2C%22anyhost%22%3A%22true%22%2C%22timestamp%22%3A%221669195422965%22%7D&namespaceId=public&port=20882&enable=true&healthy=true&ip=192.168.116.1&weight=1.0&ephemeral=true&serviceName=DEFAULT_GROUP%40%40providers%3Acn.tedu.csmall.stock.service.IStockService%3A%3A HTTP/1.1" 200 2 2 Nacos-Java-Client:v1.3.2 -
127.0.0.1 - - [23/Nov/2022:17:23:43 +0800] "GET /nacos/v1/ns/instance/list?app=unknown&healthyOnly=false&namespaceId=public&clientIP=192.168.116.1&serviceName=DEFAULT_GROUP%40%40providers%3Acn.tedu.csmall.stock.service.IStockService%3A%3A&udpPort=61194&clusters= HTTP/1.1" 200 1099 1 Nacos-Java-Client:v1.3.2 -
127.0.0.1 - - [23/Nov/2022:17:23:43 +0800] "GET /nacos/v1/ns/instance/list?app=unknown&healthyOnly=false&namespaceId=public&clientIP=192.168.116.1&serviceName=DEFAULT_GROUP%40%40providers%3Acn.tedu.csmall.stock.service.IStockService&udpPort=61194&clusters= HTTP/1.1" 200 134 2 Nacos-Java-Client:v1.3.2 -
127.0.0.1 - - [23/Nov/2022:17:23:43 +0800] "PUT /nacos/v1/ns/instance/beat?app=unknown&serviceName=DEFAULT_GROUP%40%40providers%3Acom.alibaba.cloud.dubbo.service.DubboMetadataService%3A1.0.0%3Anacos-order&namespaceId=public&port=20881&ip=192.168.116.1 HTTP/1.1" 200 75 2 Nacos-Java-Client:v1.3.2 -
127.0.0.1 - - [23/Nov/2022:17:23:43 +0800] "GET /nacos/v1/cs/configs?dataId=cn.tedu.csmall.stock.service.IStockService%3A%3A.configurators&group=dubbo HTTP/1.1" 404 23 2 Java/1.8.0_352 -
127.0.0.1 - - [23/Nov/2022:17:23:43 +0800] "GET /nacos/v1/ns/instance/list?app=unknown&healthyOnly=false&namespaceId=public&clientIP=192.168.116.1&serviceName=DEFAULT_GROUP%40%40providers%3Acom.alibaba.cloud.dubbo.service.DubboMetadataService%3A1.0.0%3Anacos-cart&udpPort=60653&clusters= HTTP/1.1" 200 1338 2 Nacos-Java-Client:v1.3.2 -
127.0.0.1 - - [23/Nov/2022:17:23:43 +0800] "PUT /nacos/v1/ns/instance/beat?app=unknown&serviceName=DEFAULT_GROUP%40%40nacos-cart&namespaceId=public&port=20001&clusterName=DEFAULT&ip=176.136.12.110 HTTP/1.1" 200 75 2 Nacos-Java-Client:v1.3.2 -
127.0.0.1 - - [23/Nov/2022:17:23:43 +0800] "GET /nacos/v1/ns/instance/list?app=unknown&healthyOnly=false&namespaceId=public&clientIP=192.168.116.1&serviceName=DEFAULT_GROUP%40%40nacos-order&udpPort=61080&clusters=DEFAULT HTTP/1.1" 200 1166 2 Nacos-Java-Client:v1.3.2 -
127.0.0.1 - - [23/Nov/2022:17:23:43 +0800] "GET /nacos/v1/ns/instance/list?app=unknown&healthyOnly=false&namespaceId=public&clientIP=192.168.116.1&serviceName=DEFAULT_GROUP%40%40consumers%3Acn.tedu.csmall.stock.service.IStockService%3A%3A&udpPort=61080&clusters= HTTP/1.1" 200 1090 2 Nacos-Java-Client:v1.3.2 -
127.0.0.1 - - [23/Nov/2022:17:23:43 +0800] "GET /nacos/v1/ns/instance/list?app=unknown&healthyOnly=false&namespaceId=public&clientIP=192.168.116.1&serviceName=DEFAULT_GROUP%40%40consumers%3Acn.tedu.csmall.cart.service.ICartService%3A%3A&udpPort=61080&clusters= HTTP/1.1" 200 1080 2 Nacos-Java-Client:v1.3.2 -
127.0.0.1 - - [23/Nov/2022:17:23:43 +0800] "GET /nacos/v1/ns/instance/list?app=unknown&healthyOnly=false&namespaceId=public&clientIP=192.168.116.1&serviceName=DEFAULT_GROUP%40%40consumers%3Acom.alibaba.cloud.dubbo.service.DubboMetadataService%3A1.0.0%3Anacos-cart&udpPort=61080&clusters= HTTP/1.1" 200 1209 1 Nacos-Java-Client:v1.3.2 -
127.0.0.1 - - [23/Nov/2022:17:23:44 +0800] "POST /nacos/v1/cs/configs HTTP/1.1" 200 14 4 Java/1.8.0_352 -
176.136.12.110 - - [23/Nov/2022:17:23:44 +0800] "GET /nacos/v1/cs/communication/dataChange?dataId=nacos-stock&group=mapping-cn.tedu.csmall.stock.service.IStockService HTTP/1.1" 200 14 2 Apache-HttpAsyncClient/4.1.3 (Java/16.0.2) -
127.0.0.1 - - [23/Nov/2022:17:23:44 +0800] "POST /nacos/v1/cs/configs HTTP/1.1" 200 14 5 Java/1.8.0_352 -
176.136.12.110 - - [23/Nov/2022:17:23:44 +0800] "GET /nacos/v1/cs/communication/dataChange?dataId=cn.tedu.csmall.stock.service.IStockService%3A%3A%3Aprovider%3Anacos-stock&group=dubbo HTTP/1.1" 200 14 2 Apache-HttpAsyncClient/4.1.3 (Java/16.0.2) -
127.0.0.1 - - [23/Nov/2022:17:23:44 +0800] "GET /nacos/v1/ns/instance/list?app=unknown&healthyOnly=false&namespaceId=public&clientIP=192.168.116.1&serviceName=DEFAULT_GROUP%40%40nacos-cart&udpPort=60636&clusters= HTTP/1.1" 200 1152 2 Nacos-Java-Client:v1.3.2 -
127.0.0.1 - - [23/Nov/2022:17:23:44 +0800] "GET /nacos/v1/ns/instance/list?app=unknown&healthyOnly=false&namespaceId=public&clientIP=192.168.116.1&serviceName=DEFAULT_GROUP%40%40providers%3Acn.tedu.csmall.stock.service.IStockService%3A%3A&udpPort=61194&clusters= HTTP/1.1" 200 1099 2 Nacos-Java-Client:v1.3.2 -
127.0.0.1 - - [23/Nov/2022:17:23:44 +0800] "GET /nacos/v1/ns/instance/list?app=unknown&healthyOnly=false&namespaceId=public&clientIP=192.168.116.1&serviceName=DEFAULT_GROUP%40%40providers%3Acn.tedu.csmall.stock.service.IStockService&udpPort=61194&clusters= HTTP/1.1" 200 134 2 Nacos-Java-Client:v1.3.2 -
127.0.0.1 - - [23/Nov/2022:17:23:44 +0800] "GET /nacos/v1/cs/configs?dataId=nacos-stock.tag-router&group=dubbo HTTP/1.1" 404 23 2 Java/1.8.0_352 -
127.0.0.1 - - [23/Nov/2022:17:23:44 +0800] "GET /nacos/v1/ns/instance/list?app=unknown&healthyOnly=false&namespaceId=public&clientIP=192.168.116.1&serviceName=DEFAULT_GROUP%40%40providers%3Acom.alibaba.cloud.dubbo.service.DubboMetadataService%3A1.0.0%3Anacos-order&udpPort=61108&clusters= HTTP/1.1" 200 1345 2 Nacos-Java-Client:v1.3.2 -
127.0.0.1 - - [23/Nov/2022:17:23:44 +0800] "PUT /nacos/v1/ns/instance/beat?app=unknown&serviceName=DEFAULT_GROUP%40%40consumers%3Acn.tedu.csmall.cart.service.ICartService%3A%3A&namespaceId=public&port=0&ip=192.168.116.1 HTTP/1.1" 200 75 2 Nacos-Java-Client:v1.3.2 -
127.0.0.1 - - [23/Nov/2022:17:23:44 +0800] "PUT /nacos/v1/ns/instance/beat?app=unknown&serviceName=DEFAULT_GROUP%40%40nacos-order&namespaceId=public&port=20002&clusterName=DEFAULT&ip=176.136.12.110 HTTP/1.1" 200 75 1 Nacos-Java-Client:v1.3.2 -
127.0.0.1 - - [23/Nov/2022:17:23:44 +0800] "GET /nacos/v1/ns/instance/list?app=unknown&healthyOnly=false&namespaceId=public&clientIP=192.168.116.1&serviceName=DEFAULT_GROUP%40%40providers%3Acn.tedu.csmall.cart.service.ICartService%3A%3A&udpPort=60662&clusters= HTTP/1.1" 200 1087 2 Nacos-Java-Client:v1.3.2 -
127.0.0.1 - - [23/Nov/2022:17:23:44 +0800] "GET /nacos/v1/ns/instance/list?app=unknown&healthyOnly=false&namespaceId=public&clientIP=192.168.116.1&serviceName=DEFAULT_GROUP%40%40providers%3Acn.tedu.csmall.cart.service.ICartService&udpPort=60662&clusters= HTTP/1.1" 200 132 2 Nacos-Java-Client:v1.3.2 -
127.0.0.1 - - [23/Nov/2022:17:23:45 +0800] "PUT /nacos/v1/ns/instance/beat?app=unknown&serviceName=DEFAULT_GROUP%40%40providers%3Acn.tedu.csmall.cart.service.ICartService%3A%3A&namespaceId=public&port=20880&clusterName=DEFAULT&ip=192.168.116.1 HTTP/1.1" 200 75 1 Nacos-Java-Client:v1.3.2 -
127.0.0.1 - - [23/Nov/2022:17:23:45 +0800] "GET /nacos/v1/ns/instance/list?app=unknown&healthyOnly=false&namespaceId=public&clientIP=192.168.116.1&serviceName=DEFAULT_GROUP%40%40nacos-order&udpPort=61080&clusters= HTTP/1.1" 200 1159 2 Nacos-Java-Client:v1.3.2 -
127.0.0.1 - - [23/Nov/2022:17:23:45 +0800] "PUT /nacos/v1/ns/instance/beat?app=unknown&serviceName=DEFAULT_GROUP%40%40consumers%3Acom.alibaba.cloud.dubbo.service.DubboMetadataService%3A1.0.0%3Anacos-cart&namespaceId=public&port=0&ip=192.168.116.1 HTTP/1.1" 200 75 3 Nacos-Java-Client:v1.3.2 -
127.0.0.1 - - [23/Nov/2022:17:23:45 +0800] "PUT /nacos/v1/ns/instance/beat?app=unknown&serviceName=DEFAULT_GROUP%40%40providers%3Acn.tedu.csmall.order.service.IOrderService%3A%3A&namespaceId=public&port=20881&ip=192.168.116.1 HTTP/1.1" 200 75 2 Nacos-Java-Client:v1.3.2 -
127.0.0.1 - - [23/Nov/2022:17:23:45 +0800] "PUT /nacos/v1/ns/instance/beat?app=unknown&serviceName=DEFAULT_GROUP%40%40consumers%3Acom.alibaba.cloud.dubbo.service.DubboMetadataService%3A1.0.0%3Anacos-order&namespaceId=public&port=0&ip=192.168.116.1 HTTP/1.1" 200 75 2 Nacos-Java-Client:v1.3.2 -
127.0.0.1 - - [23/Nov/2022:17:23:45 +0800] "PUT /nacos/v1/ns/instance/beat?app=unknown&serviceName=DEFAULT_GROUP%40%40consumers%3Acom.alibaba.cloud.dubbo.service.DubboMetadataService%3A1.0.0%3Anacos-cart&namespaceId=public&port=0&ip=192.168.116.1 HTTP/1.1" 200 75 1 Nacos-Java-Client:v1.3.2 -
127.0.0.1 - - [23/Nov/2022:17:23:45 +0800] "PUT /nacos/v1/ns/instance/beat?app=unknown&serviceName=DEFAULT_GROUP%40%40providers%3Acom.alibaba.cloud.dubbo.service.DubboMetadataService%3A1.0.0%3Anacos-stock&namespaceId=public&port=20882&ip=192.168.116.1 HTTP/1.1" 200 75 1 Nacos-Java-Client:v1.3.2 -
127.0.0.1 - - [23/Nov/2022:17:23:46 +0800] "PUT /nacos/v1/ns/instance/beat?app=unknown&serviceName=DEFAULT_GROUP%40%40consumers%3Acn.tedu.csmall.stock.service.IStockService%3A%3A&namespaceId=public&port=0&ip=192.168.116.1 HTTP/1.1" 200 75 2 Nacos-Java-Client:v1.3.2 -
127.0.0.1 - - [23/Nov/2022:17:23:46 +0800] "GET /nacos/v1/ns/instance/list?app=unknown&healthyOnly=false&namespaceId=public&clientIP=192.168.116.1&serviceName=DEFAULT_GROUP%40%40providers%3Acom.alibaba.cloud.dubbo.service.DubboMetadataService%3A1.0.0%3Anacos-order&udpPort=61080&clusters= HTTP/1.1" 200 1345 1 Nacos-Java-Client:v1.3.2 -
176.136.12.110 - - [23/Nov/2022:17:23:46 +0800] "GET /nacos/index.html HTTP/1.1" 304 - 5 Mozilla/5.0 (Windows NT 10.0; Win64; x64) AppleWebKit/537.36 (KHTML, like Gecko) Chrome/107.0.0.0 Safari/537.36 -
127.0.0.1 - - [23/Nov/2022:17:23:46 +0800] "GET /nacos/v1/ns/instance/list?app=unknown&healthyOnly=false&namespaceId=public&clientIP=192.168.116.1&serviceName=DEFAULT_GROUP%40%40providers%3Acn.tedu.csmall.order.service.IOrderService%3A%3A&udpPort=61121&clusters= HTTP/1.1" 200 1087 2 Nacos-Java-Client:v1.3.2 -
127.0.0.1 - - [23/Nov/2022:17:23:46 +0800] "GET /nacos/v1/ns/instance/list?app=unknown&healthyOnly=false&namespaceId=public&clientIP=192.168.116.1&serviceName=DEFAULT_GROUP%40%40providers%3Acn.tedu.csmall.order.service.IOrderService&udpPort=61121&clusters= HTTP/1.1" 200 134 2 Nacos-Java-Client:v1.3.2 -
176.136.12.110 - - [23/Nov/2022:17:23:46 +0800] "GET /nacos/v1/console/namespaces?&accessToken=eyJhbGciOiJIUzI1NiJ9.eyJzdWIiOiJuYWNvcyIsImV4cCI6MTY2OTEwNzE4NX0.UdhtDgZOdicXO_v-HvzgV_tKKoNrPjwPIPo_DB60KyQ&namespaceId= HTTP/1.1" 200 131 2 Mozilla/5.0 (Windows NT 10.0; Win64; x64) AppleWebKit/537.36 (KHTML, like Gecko) Chrome/107.0.0.0 Safari/537.36 -
176.136.12.110 - - [23/Nov/2022:17:23:46 +0800] "GET /nacos/v1/console/server/state?accessToken=eyJhbGciOiJIUzI1NiJ9.eyJzdWIiOiJuYWNvcyIsImV4cCI6MTY2OTEwNzE4NX0.UdhtDgZOdicXO_v-HvzgV_tKKoNrPjwPIPo_DB60KyQ HTTP/1.1" 200 82 1 Mozilla/5.0 (Windows NT 10.0; Win64; x64) AppleWebKit/537.36 (KHTML, like Gecko) Chrome/107.0.0.0 Safari/537.36 -
176.136.12.110 - - [23/Nov/2022:17:23:46 +0800] "GET /nacos/v1/ns/catalog/services?hasIpCount=true&withInstances=false&pageNo=1&pageSize=10&serviceNameParam=&groupNameParam=&accessToken=eyJhbGciOiJIUzI1NiJ9.eyJzdWIiOiJuYWNvcyIsImV4cCI6MTY2OTEwNzE4NX0.UdhtDgZOdicXO_v-HvzgV_tKKoNrPjwPIPo_DB60KyQ&namespaceId= HTTP/1.1" 200 1657 2 Mozilla/5.0 (Windows NT 10.0; Win64; x64) AppleWebKit/537.36 (KHTML, like Gecko) Chrome/107.0.0.0 Safari/537.36 -
127.0.0.1 - - [23/Nov/2022:17:23:46 +0800] "PUT /nacos/v1/ns/instance/beat?app=unknown&serviceName=DEFAULT_GROUP%40%40nacos-stock&namespaceId=public&port=20003&clusterName=DEFAULT&ip=176.136.12.110 HTTP/1.1" 200 75 3 Nacos-Java-Client:v1.3.2 -
127.0.0.1 - - [23/Nov/2022:17:23:47 +0800] "PUT /nacos/v1/ns/instance/beat?app=unknown&serviceName=DEFAULT_GROUP%40%40providers%3Acom.alibaba.cloud.dubbo.service.DubboMetadataService%3A1.0.0%3Anacos-cart&namespaceId=public&port=20880&ip=192.168.116.1 HTTP/1.1" 200 75 1 Nacos-Java-Client:v1.3.2 -
127.0.0.1 - - [23/Nov/2022:17:23:48 +0800] "PUT /nacos/v1/ns/instance/beat?app=unknown&serviceName=DEFAULT_GROUP%40%40providers%3Acn.tedu.csmall.stock.service.IStockService%3A%3A&namespaceId=public&port=20882&ip=192.168.116.1 HTTP/1.1" 200 75 1 Nacos-Java-Client:v1.3.2 -
127.0.0.1 - - [23/Nov/2022:17:23:48 +0800] "PUT /nacos/v1/ns/instance/beat?app=unknown&serviceName=DEFAULT_GROUP%40%40providers%3Acom.alibaba.cloud.dubbo.service.DubboMetadataService%3A1.0.0%3Anacos-order&namespaceId=public&port=20881&ip=192.168.116.1 HTTP/1.1" 200 75 2 Nacos-Java-Client:v1.3.2 -
127.0.0.1 - - [23/Nov/2022:17:23:48 +0800] "PUT /nacos/v1/ns/instance/beat?app=unknown&serviceName=DEFAULT_GROUP%40%40nacos-cart&namespaceId=public&port=20001&clusterName=DEFAULT&ip=176.136.12.110 HTTP/1.1" 200 75 2 Nacos-Java-Client:v1.3.2 -
127.0.0.1 - - [23/Nov/2022:17:23:48 +0800] "POST /nacos/v1/cs/configs/listener HTTP/1.1" 200 - 29514 Java/1.8.0_352 -
127.0.0.1 - - [23/Nov/2022:17:23:48 +0800] "POST /nacos/v1/cs/configs/listener HTTP/1.1" 200 - 1 Java/1.8.0_352 -
127.0.0.1 - - [23/Nov/2022:17:23:49 +0800] "PUT /nacos/v1/ns/instance/beat?app=unknown&serviceName=DEFAULT_GROUP%40%40consumers%3Acn.tedu.csmall.cart.service.ICartService%3A%3A&namespaceId=public&port=0&ip=192.168.116.1 HTTP/1.1" 200 75 2 Nacos-Java-Client:v1.3.2 -
127.0.0.1 - - [23/Nov/2022:17:23:49 +0800] "PUT /nacos/v1/ns/instance/beat?app=unknown&serviceName=DEFAULT_GROUP%40%40nacos-order&namespaceId=public&port=20002&clusterName=DEFAULT&ip=176.136.12.110 HTTP/1.1" 200 75 2 Nacos-Java-Client:v1.3.2 -
127.0.0.1 - - [23/Nov/2022:17:23:49 +0800] "GET /nacos/v1/ns/instance/list?app=unknown&healthyOnly=false&namespaceId=public&clientIP=192.168.116.1&serviceName=DEFAULT_GROUP%40%40consumers%3Acn.tedu.csmall.stock.service.IStockService%3A%3A&udpPort=61158&clusters= HTTP/1.1" 200 1090 1 Nacos-Java-Client:v1.3.2 -
127.0.0.1 - - [23/Nov/2022:17:23:49 +0800] "GET /nacos/v1/ns/instance/list?app=unknown&healthyOnly=false&namespaceId=public&clientIP=192.168.116.1&serviceName=DEFAULT_GROUP%40%40consumers%3Acn.tedu.csmall.cart.service.ICartService%3A%3A&udpPort=61158&clusters= HTTP/1.1" 200 1080 1 Nacos-Java-Client:v1.3.2 -
127.0.0.1 - - [23/Nov/2022:17:23:49 +0800] "GET /nacos/v1/ns/instance/list?app=unknown&healthyOnly=false&namespaceId=public&clientIP=192.168.116.1&serviceName=DEFAULT_GROUP%40%40consumers%3Acom.alibaba.cloud.dubbo.service.DubboMetadataService%3A1.0.0%3Anacos-cart&udpPort=61158&clusters= HTTP/1.1" 200 1209 1 Nacos-Java-Client:v1.3.2 -
127.0.0.1 - - [23/Nov/2022:17:23:49 +0800] "GET /nacos/v1/ns/instance/list?app=unknown&healthyOnly=false&namespaceId=public&clientIP=192.168.116.1&serviceName=DEFAULT_GROUP%40%40nacos-cart&udpPort=61158&clusters= HTTP/1.1" 200 1152 2 Nacos-Java-Client:v1.3.2 -
127.0.0.1 - - [23/Nov/2022:17:23:50 +0800] "PUT /nacos/v1/ns/instance/beat?app=unknown&serviceName=DEFAULT_GROUP%40%40providers%3Acn.tedu.csmall.cart.service.ICartService%3A%3A&namespaceId=public&port=20880&clusterName=DEFAULT&ip=192.168.116.1 HTTP/1.1" 200 75 1 Nacos-Java-Client:v1.3.2 -
127.0.0.1 - - [23/Nov/2022:17:23:50 +0800] "GET /nacos/v1/ns/instance/list?app=unknown&healthyOnly=false&namespaceId=public&clientIP=192.168.116.1&serviceName=DEFAULT_GROUP%40%40providers%3Acn.tedu.csmall.cart.service.ICartService&udpPort=61089&clusters= HTTP/1.1" 200 132 1 Nacos-Java-Client:v1.3.2 -
127.0.0.1 - - [23/Nov/2022:17:23:50 +0800] "GET /nacos/v1/ns/instance/list?app=unknown&healthyOnly=false&namespaceId=public&clientIP=192.168.116.1&serviceName=DEFAULT_GROUP%40%40providers%3Acn.tedu.csmall.cart.service.ICartService%3A%3A&udpPort=61089&clusters= HTTP/1.1" 200 1087 1 Nacos-Java-Client:v1.3.2 -
127.0.0.1 - - [23/Nov/2022:17:23:50 +0800] "PUT /nacos/v1/ns/instance/beat?app=unknown&serviceName=DEFAULT_GROUP%40%40consumers%3Acom.alibaba.cloud.dubbo.service.DubboMetadataService%3A1.0.0%3Anacos-cart&namespaceId=public&port=0&ip=192.168.116.1 HTTP/1.1" 200 75 2 Nacos-Java-Client:v1.3.2 -
127.0.0.1 - - [23/Nov/2022:17:23:50 +0800] "PUT /nacos/v1/ns/instance/beat?app=unknown&serviceName=DEFAULT_GROUP%40%40providers%3Acn.tedu.csmall.order.service.IOrderService%3A%3A&namespaceId=public&port=20881&ip=192.168.116.1 HTTP/1.1" 200 75 2 Nacos-Java-Client:v1.3.2 -
127.0.0.1 - - [23/Nov/2022:17:23:50 +0800] "PUT /nacos/v1/ns/instance/beat?app=unknown&serviceName=DEFAULT_GROUP%40%40consumers%3Acom.alibaba.cloud.dubbo.service.DubboMetadataService%3A1.0.0%3Anacos-order&namespaceId=public&port=0&ip=192.168.116.1 HTTP/1.1" 200 75 2 Nacos-Java-Client:v1.3.2 -
127.0.0.1 - - [23/Nov/2022:17:23:50 +0800] "PUT /nacos/v1/ns/instance/beat?app=unknown&serviceName=DEFAULT_GROUP%40%40consumers%3Acom.alibaba.cloud.dubbo.service.DubboMetadataService%3A1.0.0%3Anacos-cart&namespaceId=public&port=0&ip=192.168.116.1 HTTP/1.1" 200 75 1 Nacos-Java-Client:v1.3.2 -
127.0.0.1 - - [23/Nov/2022:17:23:50 +0800] "PUT /nacos/v1/ns/instance/beat?app=unknown&serviceName=DEFAULT_GROUP%40%40providers%3Acom.alibaba.cloud.dubbo.service.DubboMetadataService%3A1.0.0%3Anacos-stock&namespaceId=public&port=20882&ip=192.168.116.1 HTTP/1.1" 200 75 1 Nacos-Java-Client:v1.3.2 -
